// Jest Snapshot v1, https://goo.gl/fbAQLP

exports[`Dropdown styles renders 1`] = `
.c0 {
  font-size: 14px;
  border: 1px solid;
  border-color: #CCCCCC;
  width: 100%;
  height: 60px;
  border-radius: 8px;
  padding-top: 16px;
  padding-left: 16px;
  background-color: #ffffff;
  outline: none;
}

.c0::-webkit-input-placeholder {
  color: transparent;
}

.c0::-moz-placeholder {
  color: transparent;
}

.c0:-ms-input-placeholder {
  color: transparent;
}

.c0::placeholder {
  color: transparent;
}

.c0:not(:placeholder-shown),
.c0:focus {
  background-color: #F7F7F7;
}

<input
  class="c0"
  data-testid="styled-dropdown"
  id="styled-input"
  placeholder=" "
  type="text"
  value=""
/>
`;
