// Jest Snapshot v1, https://goo.gl/fbAQLP

exports[`button primary 1`] = `
.c0 {
  border-radius: 24px;
  border: 1px solid #2B64F5;
  color: white;
  margin: 8px 16px;
  padding: 12px 24px;
  height: 42px;
  background: #2B64F5;
  color: #ffffff;
}

<button
  class="c0"
  data-hook="styled-button"
/>
`;
