// Jest Snapshot v1, https://goo.gl/fbAQLP

exports[`should render default Text 1`] = `
.c0 {
  font-size: 1rem;
  color: #000000;
}

<p
  class="c0"
  data-testid="styled-text"
/>
`;
