// Jest Snapshot v1, https://goo.gl/fbAQLP

exports[`Input styles renders 1`] = `
.c0 {
  position: relative;
  min-height: 60px;
  margin: 6px 0;
  display: -webkit-box;
  display: -webkit-flex;
  display: -ms-flexbox;
  display: flex;
  -webkit-flex-direction: column;
  -ms-flex-direction: column;
  flex-direction: column;
  -webkit-box-pack: justify;
  -webkit-justify-content: space-between;
  -ms-flex-pack: justify;
  justify-content: space-between;
}

.c2 {
  font-size: 14px;
  border: 1px solid;
  border-color: #CCCCCC;
  width: 100%;
  height: 60px;
  border-radius: 8px;
  padding-top: 16px;
  padding-left: 16px;
  background-color: #ffffff;
  outline: none;
}

.c2::-webkit-input-placeholder {
  color: transparent;
}

.c2::-moz-placeholder {
  color: transparent;
}

.c2:-ms-input-placeholder {
  color: transparent;
}

.c2::placeholder {
  color: transparent;
}

.c2:focus {
  background-color: #F7F7F7;
}

.c4 {
  position: absolute;
  pointer-events: none;
  left: 20px;
  top: 20px;
  -webkit-transition: 0.3s ease all;
  transition: 0.3s ease all;
}

.c1:not(:placeholder-shown) ~ .c3,
.c1:focus ~ .c4 {
  top: 10px;
  left: 16px;
  font-size: 12px;
  opacity: 0.6;
}

<div
  class="c0"
  data-testid="styled-input-container"
>
  <input
    class="c1 c2"
    data-testid="styled-input"
    id="styled-input"
    placeholder=" "
    type="text"
    value=""
  />
  <label
    class="c3 c4"
    for="styled-input"
  >
    Company
  </label>
</div>
`;

exports[`Input styles renders with errors message 1`] = `
.c1 {
  font-size: 12px;
  color: #FF7064;
  pointer-events: none;
}

.c0 {
  margin: -6px 0 6px 16px;
  height: 20px;
}

<div
  class="c0"
  data-testid="styled-input-error-message"
>
  <p
    class="c1"
    color="#FF7064"
    data-testid="styled-text"
  >
    error
  </p>
</div>
`;
